
illinois  2021
illinois C 2021
illinois C2 2021